// Jest Snapshot v1, https://goo.gl/fbAQLP

exports[`should render the NotFoundPage 1`] = `
<div>
  This is my 404 page 
  <Link
    replace={false}
    to="/"
  >
    Go home
  </Link>
</div>
`;
